
> pupen@0.1.0 build
> node -e "const fs=require('fs'); const cp=require('child_process'); fs.rmSync('.next',{recursive:true,force:true}); const nextBin=require.resolve('next/dist/bin/next'); const result=cp.spawnSync(process.execPath,[nextBin,'build'],{stdio:'inherit',env:{...process.env,NEXT_PRIVATE_WORKER_THREADS:'false'}}); process.exit(result.status ?? 1)"

Ôľ▓ Next.js 16.2.6 (Turbopack)
- Environments: .env.local, .env
- Experiments (use with caution):
  ┬Ě clientTraceMetadata

  Creating an optimized production build ...
Ôťô Compiled successfully in 31.0s
  Running next.config.js provided runAfterProductionCompile ...
Ôťô Completed runAfterProductionCompile in 985ms
  Running TypeScript ...
  Finished TypeScript in 21.5s ...
  Collecting page data using 11 workers ...
  Generating static pages using 11 workers (0/290) ...
  Generating static pages using 11 workers (72/290) 
  Generating static pages using 11 workers (144/290) 
  Generating static pages using 11 workers (217/290) 
Ôťô Generating static pages using 11 workers (290/290) in 2.4s
  Finalizing page optimization ...

Route (app)
Ôöî ÔŚő /
Ôöť ÔŚő /_not-found
Ôöť Ăĺ /.well-known/autodiscover/autodiscover.xml
Ôöť ÔŚĆ /[lang]
Ôöé Ôöť /cs
Ôöé Ôöö /en
Ôöť ÔŚĆ /[lang]/admin
Ôöé Ôöť /cs/admin
Ôöé Ôöö /en/admin
Ôöť ÔŚĆ /[lang]/admin/dashboard
Ôöé Ôöť /cs/admin/dashboard
Ôöé Ôöö /en/admin/dashboard
Ôöť ÔŚĆ /[lang]/admin/tickets/validate
Ôöé Ôöť /cs/admin/tickets/validate
Ôöé Ôöö /en/admin/tickets/validate
Ôöť ÔŚĆ /[lang]/akce
Ôöé Ôöť /cs/akce
Ôöé Ôöö /en/akce
Ôöť Ăĺ /[lang]/akce/[id]
Ôöť ÔŚĆ /[lang]/archiv
Ôöé Ôöť /cs/archiv
Ôöé Ôöö /en/archiv
Ôöť ÔŚĆ /[lang]/bezpecnost
Ôöé Ôöť /cs/bezpecnost
Ôöé Ôöö /en/bezpecnost
Ôöť ÔŚĆ /[lang]/blog
Ôöé Ôöť /cs/blog
Ôöé Ôöö /en/blog
Ôöť Ăĺ /[lang]/bojovka/[id]
Ôöť ÔŚĆ /[lang]/burza
Ôöé Ôöť /cs/burza
Ôöé Ôöö /en/burza
Ôöť ÔŚĆ /[lang]/clen
Ôöé Ôöť /cs/clen
Ôöé Ôöö /en/clen
Ôöť ÔŚĆ /[lang]/clen/prihlaska
Ôöé Ôöť /cs/clen/prihlaska
Ôöé Ôöö /en/clen/prihlaska
Ôöť Ăĺ /[lang]/cookies
Ôöť ÔŚĆ /[lang]/daruj
Ôöé Ôöť /cs/daruj
Ôöé Ôöö /en/daruj
Ôöť ÔŚĆ /[lang]/faq
Ôöé Ôöť /cs/faq
Ôöé Ôöö /en/faq
Ôöť Ăĺ /[lang]/feedback/[id]
Ôöť ÔŚĆ /[lang]/forgot
Ôöé Ôöť /cs/forgot
Ôöé Ôöö /en/forgot
Ôöť ÔŚĆ /[lang]/galerie
Ôöé Ôöť /cs/galerie
Ôöé Ôöö /en/galerie
Ôöť ÔŚĆ /[lang]/harmonogram
Ôöé Ôöť /cs/harmonogram
Ôöé Ôöö /en/harmonogram
Ôöť ÔŚĆ /[lang]/changelog
Ôöé Ôöť /cs/changelog
Ôöé Ôöö /en/changelog
Ôöť ÔŚĆ /[lang]/kariera
Ôöé Ôöť /cs/kariera
Ôöé Ôöö /en/kariera
Ôöť ÔŚĆ /[lang]/kontakt
Ôöé Ôöť /cs/kontakt
Ôöé Ôöö /en/kontakt
Ôöť ÔŚĆ /[lang]/kvizy
Ôöé Ôöť /cs/kvizy
Ôöé Ôöö /en/kvizy
Ôöť ÔŚĆ /[lang]/login
Ôöé Ôöť /cs/login
Ôöé Ôöö /en/login
Ôöť ÔŚĆ /[lang]/mapa
Ôöé Ôöť /cs/mapa
Ôöé Ôöö /en/mapa
Ôöť ÔŚĆ /[lang]/novinky
Ôöé Ôöť /cs/novinky
Ôöé Ôöö /en/novinky
Ôöť Ăĺ /[lang]/novinky/[id]
Ôöť ÔŚĆ /[lang]/o-nas
Ôöé Ôöť /cs/o-nas
Ôöé Ôöö /en/o-nas
Ôöť ÔŚĆ /[lang]/odstavka
Ôöé Ôöť /cs/odstavka
Ôöé Ôöö /en/odstavka
Ôöť Ăĺ /[lang]/ochrana-soukromi
Ôöť Ăĺ /[lang]/ochrana-soukromi/print
Ôöť ÔŚĆ /[lang]/oteviraci-doba
Ôöé Ôöť /cs/oteviraci-doba
Ôöé Ôöö /en/oteviraci-doba
Ôöť ÔŚĆ /[lang]/partaci
Ôöé Ôöť /cs/partaci
Ôöé Ôöö /en/partaci
Ôöť ÔŚĆ /[lang]/partnerstvi
Ôöé Ôöť /cs/partnerstvi
Ôöé Ôöö /en/partnerstvi
Ôöť ÔŚĆ /[lang]/predmety
Ôöé Ôöť /cs/predmety
Ôöé Ôöö /en/predmety
Ôöť ÔŚĆ /[lang]/prihlaska
Ôöé Ôöť /cs/prihlaska
Ôöé Ôöö /en/prihlaska
Ôöť ÔŚĆ /[lang]/pruvodce
Ôöé Ôöť /cs/pruvodce
Ôöé Ôöö /en/pruvodce
Ôöť ÔŚĆ /[lang]/prvni-pomoc
Ôöé Ôöť /cs/prvni-pomoc
Ôöé Ôöö /en/prvni-pomoc
Ôöť ÔŚĆ /[lang]/qr
Ôöé Ôöť /cs/qr
Ôöé Ôöö /en/qr
Ôöť ÔŚĆ /[lang]/reset-password
Ôöé Ôöť /cs/reset-password
Ôöé Ôöö /en/reset-password
Ôöť ÔŚĆ /[lang]/roadmap
Ôöé Ôöť /cs/roadmap
Ôöé Ôöö /en/roadmap
Ôöť ÔŚĆ /[lang]/roman
Ôöé Ôöť /cs/roman
Ôöé Ôöö /en/roman
Ôöť Ăĺ /[lang]/search
Ôöť ÔŚĆ /[lang]/schranka-duvery
Ôöé Ôöť /cs/schranka-duvery
Ôöé Ôöö /en/schranka-duvery
Ôöť ÔŚĆ /[lang]/schranka-duvery/overit
Ôöé Ôöť /cs/schranka-duvery/overit
Ôöé Ôöö /en/schranka-duvery/overit
Ôöť ÔŚĆ /[lang]/schranka-duvery/ticket
Ôöé Ôöť /cs/schranka-duvery/ticket
Ôöé Ôöö /en/schranka-duvery/ticket
Ôöť ÔŚĆ /[lang]/slevy
Ôöé Ôöť /cs/slevy
Ôöé Ôöö /en/slevy
Ôöť ÔŚĆ /[lang]/sos
Ôöé Ôöť /cs/sos
Ôöé Ôöö /en/sos
Ôöť Ăĺ /[lang]/status
Ôöť ÔŚĆ /[lang]/support
Ôöé Ôöť /cs/support
Ôöé Ôöö /en/support
Ôöť Ăĺ /[lang]/tos
Ôöť Ăĺ /[lang]/tos/print
Ôöť ÔŚĆ /[lang]/vybor
Ôöé Ôöť /cs/vybor
Ôöé Ôöö /en/vybor
Ôöť ÔŚĆ /[lang]/vyrocni-zpravy
Ôöé Ôöť /cs/vyrocni-zpravy
Ôöé Ôöö /en/vyrocni-zpravy
Ôöť Ăĺ /[lang]/waitlist/[token]
Ôöť ÔŚĆ /[lang]/ztraty-a-nalezy
Ôöé Ôöť /cs/ztraty-a-nalezy
Ôöé Ôöö /en/ztraty-a-nalezy
Ôöť Ăĺ /[lang]/ztraty-a-nalezy/[id]
Ôöť Ăĺ /api/address/suggest
Ôöť Ăĺ /api/address/validate
Ôöť Ăĺ /api/admin/analytics
Ôöť Ăĺ /api/admin/applications
Ôöť Ăĺ /api/admin/applications/approve
Ôöť Ăĺ /api/admin/applications/bulk-approve
Ôöť Ăĺ /api/admin/applications/bulk-reject
Ôöť Ăĺ /api/admin/applications/export-pdf
Ôöť Ăĺ /api/admin/applications/status-email
Ôöť Ăĺ /api/admin/applications/status-email/test-admin
Ôöť Ăĺ /api/admin/badges
Ôöť Ăĺ /api/admin/badges/[id]
Ôöť Ăĺ /api/admin/badges/award
Ôöť Ăĺ /api/admin/bank-transactions/last-run
Ôöť Ăĺ /api/admin/billing/invoices
Ôöť Ăĺ /api/admin/billing/invoices/[invoiceId]
Ôöť Ăĺ /api/admin/billing/invoices/[invoiceId]/credit-note
Ôöť Ăĺ /api/admin/billing/invoices/[invoiceId]/pdf/signed-url
Ôöť Ăĺ /api/admin/billing/invoices/[invoiceId]/transfer-deposit
Ôöť Ăĺ /api/admin/billing/invoices/[invoiceId]/transition
Ôöť Ăĺ /api/admin/board/set
Ôöť Ăĺ /api/admin/broken-links/run
Ôöť Ăĺ /api/admin/config/features
Ôöť Ăĺ /api/admin/db/health
Ôöť Ăĺ /api/admin/digest
Ôöť Ăĺ /api/admin/digest-config
Ôöť Ăĺ /api/admin/digest-config/set
Ôöť Ăĺ /api/admin/email/deliverability
Ôöť Ăĺ /api/admin/email/preview
Ôöť Ăĺ /api/admin/email/send-test
Ôöť Ăĺ /api/admin/email/templates
Ôöť Ăĺ /api/admin/email/templates/[templateKey]
Ôöť Ăĺ /api/admin/email/templates/default
Ôöť Ăĺ /api/admin/email/triggers
Ôöť Ăĺ /api/admin/error-logs
Ôöť Ăĺ /api/admin/events/archive
Ôöť Ăĺ /api/admin/god/clear-cache
Ôöť Ăĺ /api/admin/governance/decisions
Ôöť Ăĺ /api/admin/governance/decisions/[id]
Ôöť Ăĺ /api/admin/governance/policies
Ôöť Ăĺ /api/admin/governance/policies/[id]
Ôöť Ăĺ /api/admin/governance/policies/[id]/publish
Ôöť Ăĺ /api/admin/governance/policies/[id]/versions
Ôöť Ăĺ /api/admin/invoices/logs
Ôöť Ăĺ /api/admin/invoices/update
Ôöť Ăĺ /api/admin/logs
Ôöť Ăĺ /api/admin/logs/purge
Ôöť Ăĺ /api/admin/lost-found
Ôöť Ăĺ /api/admin/lost-found/[id]
Ôöť Ăĺ /api/admin/membership-applications
Ôöť Ăĺ /api/admin/membership-applications/[applicationId]
Ôöť Ăĺ /api/admin/membership-applications/[applicationId]/decision
Ôöť Ăĺ /api/admin/membership-applications/[applicationId]/chair-auth
Ôöť Ăĺ /api/admin/membership-applications/[applicationId]/chair-auth/signed-url
Ôöť Ăĺ /api/admin/membership-applications/[applicationId]/pdf/generate
Ôöť Ăĺ /api/admin/membership-applications/[applicationId]/pdf/signed-url
Ôöť Ăĺ /api/admin/membership-applications/[applicationId]/signature/signed-url
Ôöť Ăĺ /api/admin/membership/payments
Ôöť Ăĺ /api/admin/messages/[id]
Ôöť Ăĺ /api/admin/messages/bulk-archive
Ôöť Ăĺ /api/admin/newsletter/doi-config
Ôöť Ăĺ /api/admin/newsletter/doi-config/set
Ôöť Ăĺ /api/admin/newsletter/drafts
Ôöť Ăĺ /api/admin/newsletter/drafts/[id]
Ôöť Ăĺ /api/admin/newsletter/export
Ôöť Ăĺ /api/admin/newsletter/history
Ôöť Ăĺ /api/admin/newsletter/history/[id]
Ôöť Ăĺ /api/admin/newsletter/metrics
Ôöť Ăĺ /api/admin/newsletter/preview
Ôöť Ăĺ /api/admin/newsletter/roles
Ôöť Ăĺ /api/admin/newsletter/send
Ôöť Ăĺ /api/admin/newsletter/subscribers
Ôöť Ăĺ /api/admin/newsletter/subscribers/[id]
Ôöť Ăĺ /api/admin/newsletter/templates
Ôöť Ăĺ /api/admin/newsletter/templates/[id]
Ôöť Ăĺ /api/admin/og-preview
Ôöť Ăĺ /api/admin/posts/comments
Ôöť Ăĺ /api/admin/promo/rules
Ôöť Ăĺ /api/admin/promo/rules/set
Ôöť Ăĺ /api/admin/promo/uses
Ôöť Ăĺ /api/admin/queue
Ôöť Ăĺ /api/admin/queue/[id]
Ôöť Ăĺ /api/admin/queue/[id]/retry
Ôöť Ăĺ /api/admin/queue/dead/[id]
Ôöť Ăĺ /api/admin/queue/dead/[id]/retry
Ôöť Ăĺ /api/admin/queue/process
Ôöť Ăĺ /api/admin/queue/summary
Ôöť Ăĺ /api/admin/refund-policy/set
Ôöť Ăĺ /api/admin/refunds/logs
Ôöť Ăĺ /api/admin/refunds/update
Ôöť Ăĺ /api/admin/roles
Ôöť Ăĺ /api/admin/roles/[id]
Ôöť Ăĺ /api/admin/roles/assign
Ôöť Ăĺ /api/admin/security-bans
Ôöť Ăĺ /api/admin/security-bans/[id]/revoke
Ôöť Ăĺ /api/admin/send-password
Ôöť Ăĺ /api/admin/send-ticket
Ôöť Ăĺ /api/admin/seo-audit/run
Ôöť Ăĺ /api/admin/schema-cache/invalidate
Ôöť Ăĺ /api/admin/schema-cache/reload
Ôöť Ăĺ /api/admin/site-config
Ôöť Ăĺ /api/admin/site-pages/[slug]
Ôöť Ăĺ /api/admin/site-pages/allowed
Ôöť Ăĺ /api/admin/site-pages/permissions
Ôöť Ăĺ /api/admin/sos
Ôöť Ăĺ /api/admin/sos/[id]
Ôöť Ăĺ /api/admin/storage/signed-url
Ôöť Ăĺ /api/admin/team
Ôöť Ăĺ /api/admin/team/[id]
Ôöť Ăĺ /api/admin/team/import
Ôöť Ăĺ /api/admin/tickets/blacklist
Ôöť Ăĺ /api/admin/tickets/blacklist/set
Ôöť Ăĺ /api/admin/tickets/check-in
Ôöť Ăĺ /api/admin/tickets/security-config
Ôöť Ăĺ /api/admin/tickets/security-config/set
Ôöť Ăĺ /api/admin/tickets/validate
Ôöť Ăĺ /api/admin/trustbox/admins
Ôöť Ăĺ /api/admin/trustbox/admins/[userId]
Ôöť Ăĺ /api/admin/trustbox/attachments/signed-url
Ôöť Ăĺ /api/admin/trustbox/audit
Ôöť Ăĺ /api/admin/trustbox/me
Ôöť Ăĺ /api/admin/trustbox/settings
Ôöť Ăĺ /api/admin/trustbox/threads
Ôöť Ăĺ /api/admin/trustbox/threads/[id]
Ôöť Ăĺ /api/admin/trustbox/threads/[id]/export-pdf
Ôöť Ăĺ /api/admin/trustbox/threads/[id]/identity
Ôöť Ăĺ /api/admin/trustbox/threads/[id]/message
Ôöť Ăĺ /api/admin/upload
Ôöť Ăĺ /api/admin/users
Ôöť Ăĺ /api/admin/users/[id]
Ôöť Ăĺ /api/admin/users/[id]/anonymize
Ôöť Ăĺ /api/admin/users/[id]/delete
Ôöť Ăĺ /api/admin/users/[id]/revoke-sessions
Ôöť Ăĺ /api/admin/users/bulk-delete
Ôöť Ăĺ /api/admin/users/export
Ôöť Ăĺ /api/admin/users/search
Ôöť Ăĺ /api/admin/users/send-reset
Ôöť Ăĺ /api/admin/waitlist/advance
Ôöť Ăĺ /api/admin/waitlist/config
Ôöť Ăĺ /api/admin/waitlist/config/set
Ôöť Ăĺ /api/admin/webhooks
Ôöť Ăĺ /api/admin/webhooks/[id]
Ôöť Ăĺ /api/applications/notify
Ôöť Ăĺ /api/applications/pdf
Ôöť Ăĺ /api/applications/submit
Ôöť Ăĺ /api/auth/forgot-password
Ôöť Ăĺ /api/auth/login-guard
Ôöť Ăĺ /api/auth/me-profile
Ôöť Ăĺ /api/auth/reset-password
Ôöť Ăĺ /api/auth/security-log
Ôöť Ăĺ /api/auth/verify
Ôöť Ăĺ /api/blog/submit
Ôöť Ăĺ /api/bootstrap/superadmin
Ôöť Ăĺ /api/burza/submit
Ôöť Ăĺ /api/contact
Ôöť Ăĺ /api/cron/bank-matching
Ôöť Ăĺ /api/cron/bank-transactions
Ôöť Ăĺ /api/cron/digest
Ôöť Ăĺ /api/cron/dm-reminders
Ôöť Ăĺ /api/cron/email-queue
Ôöť Ăĺ /api/cron/membership-expiry
Ôöť Ăĺ /api/cron/smoke/applications
Ôöť Ăĺ /api/cron/smoke/otazky-backlog
Ôöť Ăĺ /api/cron/trustbox-retention
Ôöť Ăĺ /api/cron/waitlist
Ôöť Ăĺ /api/dm/block
Ôöť Ăĺ /api/dm/report
Ôöť Ăĺ /api/dm/send
Ôöť Ăĺ /api/dm/thread
Ôöť Ăĺ /api/dm/threads
Ôöť Ăĺ /api/documents/share/[token]
Ôöť Ăĺ /api/documents/signed-url
Ôöť Ăĺ /api/feedback/submit
Ôöť Ăĺ /api/gdpr/delete
Ôöť Ăĺ /api/gdpr/export
Ôöť Ăĺ /api/gdpr/export-pdf
Ôöť Ăĺ /api/governance/board
Ôöť Ăĺ /api/governance/decisions
Ôöť Ăĺ /api/governance/policies
Ôöť Ăĺ /api/governance/refund-policy
Ôöť Ăĺ /api/health
Ôöť Ăĺ /api/ical/events
Ôöť Ăĺ /api/ical/events/[id]
Ôöť Ăĺ /api/invoices/request
Ôöť Ăĺ /api/log/error
Ôöť Ăĺ /api/lost-found
Ôöť Ăĺ /api/lost-found/[id]
Ôöť Ăĺ /api/lost-found/claim
Ôöť Ăĺ /api/member/assign-number
Ôöť Ăĺ /api/member/badges
Ôöť Ăĺ /api/member/badges/catalog
Ôöť Ăĺ /api/member/my-application
Ôöť Ăĺ /api/member/my-application/pdf
Ôöť Ăĺ /api/membership-applications/[applicationId]/pdf/signed-url
Ôöť Ăĺ /api/membership-applications/submit
Ôöť Ăĺ /api/newsletter/confirm
Ôöť Ăĺ /api/newsletter/preferences
Ôöť Ăĺ /api/newsletter/subscribe
Ôöť Ăĺ /api/newsletter/track
Ôöť Ăĺ /api/newsletter/unsubscribe
Ôöť Ăĺ /api/ocr
Ôöť Ăĺ /api/polls/active
Ôöť Ăĺ /api/polls/vote
Ôöť Ăĺ /api/posts/[id]/comments
Ôöť Ăĺ /api/posts/[id]/reactions
Ôöť Ăĺ /api/preferences/email
Ôöť Ăĺ /api/projects/create
Ôöť Ăĺ /api/projects/join
Ôöť Ăĺ /api/projects/list
Ôöť Ăĺ /api/promo/rsvp-log
Ôöť Ăĺ /api/refunds/request
Ôöť Ăĺ /api/reports/create
Ôöť Ăĺ /api/rsvp/cancel
Ôöť Ăĺ /api/rsvp/event-config
Ôöť Ăĺ /api/rsvp/register
Ôöť Ăĺ /api/rsvp/waitlist-offer
Ôöť Ăĺ /api/search
Ôöť Ăĺ /api/site-config
Ôöť Ăĺ /api/site-page
Ôöť Ăĺ /api/sos
Ôöť Ăĺ /api/sos/export
Ôöť Ăĺ /api/team
Ôöť Ăĺ /api/trustbox/access-code
Ôöť Ăĺ /api/trustbox/attachments/signed-url
Ôöť Ăĺ /api/trustbox/attachments/upload
Ôöť Ăĺ /api/trustbox/start
Ôöť Ăĺ /api/trustbox/thread
Ôöť Ăĺ /api/trustbox/verify
Ôöť Ăĺ /api/upload/avatar
Ôöť Ăĺ /api/webhooks/email-bounce
Ôöť Ăĺ /api/webhooks/fio
Ôöť Ăĺ /autodiscover/autodiscover.xml
Ôöť ÔŚő /offline
Ôöť ÔŚő /robots.txt
Ôöť ÔŚő /sitemap.xml
Ôöö ÔŚő /unsubscribe


Ăĺ Proxy (Middleware)

ÔŚő  (Static)   prerendered as static content
ÔŚĆ  (SSG)      prerendered as static HTML (uses generateStaticParams)
Ăĺ  (Dynamic)  server-rendered on demand

